// Jest Snapshot v1, https://goo.gl/fbAQLP

exports[`TopNav renders the TopNav Component correctly 1`] = `
<Fragment>
  <div
    className="topNav"
  >
    <Container>
      <div
        className="topNav_wrapper"
      >
        <div
          className="topNav_group"
        >
          <a
            className="topNav_logo"
            href="/"
          >
            <img
              alt="JobsForIT"
              className="topNav_logoImg"
              src="jobs-for-it-logo-new.png"
            />
          </a>
        </div>
        <div
          className="topNav_group"
        >
          <ul
            className="topNav_menu"
          >
            <li
              className="topNav_menu_item"
            >
              <NavLink
                activeClassName="topNav_menu_item_activeLink"
                exact={true}
                to="/about"
              >
                About
              </NavLink>
            </li>
            <li
              className="topNav_menu_item"
            >
              <NavLink
                activeClassName="topNav_menu_item_activeLink"
                exact={true}
                to="/edu-room"
              >
                Edu Room
              </NavLink>
            </li>
            <li
              className="topNav_menu_item"
            >
              <NavLink
                activeClassName="topNav_menu_item_activeLink"
                exact={true}
                to="/statistics"
              >
                Statistics
              </NavLink>
            </li>
            <li
              className="topNav_menu_item"
            >
              <NavLink
                activeClassName="topNav_menu_item_activeLink"
                exact={true}
                to="/brand-room"
              >
                Brand Room
              </NavLink>
            </li>
            <li
              style={
                Object {
                  "marginRight": "40px",
                }
              }
            >
              <Button
                classes={
                  Array [
                    "topNav_button",
                  ]
                }
                href="/add-job"
                variant="primary"
              >
                Post a Job
              </Button>
            </li>
          </ul>
          <Hamburger
            onClick={[Function]}
          />
        </div>
      </div>
    </Container>
  </div>
  <SideNav
    onCloseClick={[Function]}
    open={false}
  />
</Fragment>
`;
